V3 4
FL C:/work/USB_FPGA/VHDL/USB_FPGA/test_cpld/CPLD.vhd 2018/04/16.18:43:10 P.20131013
EN work/CPLD 1523925793 FL C:/work/USB_FPGA/VHDL/USB_FPGA/test_cpld/CPLD.vhd \
      PB ieee/std_logic_1164 1381692176 PB ieee/std_logic_arith 1381692177 \
      PB ieee/STD_LOGIC_UNSIGNED 1381692179 LB UNISIM PH unisim/VCOMPONENTS 1381692182
AR work/CPLD/Behavioral 1523925794 \
      FL C:/work/USB_FPGA/VHDL/USB_FPGA/test_cpld/CPLD.vhd EN work/CPLD 1523925793
