V3 4
FL C:/work/USB_FPGA/FirstVersion/usb_fpga/VHDL/test_cpld/CPLD.vhd 2009/09/10.14:33:34 P.20131013
EN work/CPLD 1521917641 \
      FL C:/work/USB_FPGA/FirstVersion/usb_fpga/VHDL/test_cpld/CPLD.vhd \
      PB ieee/std_logic_1164 1381692176 PB ieee/std_logic_arith 1381692177 \
      PB ieee/STD_LOGIC_UNSIGNED 1381692179 LB UNISIM PH unisim/VCOMPONENTS 1381692182
AR work/CPLD/Behavioral 1521917642 \
      FL C:/work/USB_FPGA/FirstVersion/usb_fpga/VHDL/test_cpld/CPLD.vhd \
      EN work/CPLD 1521917641
