V3 3
FL C:/work/USB_FPGA/VHDL/USB_FPGA/FPGA/FPGA.vhd 2009/08/25.14:08:14 P.20131013
EN work/FPGA 1490628432 FL C:/work/USB_FPGA/VHDL/USB_FPGA/FPGA/FPGA.vhd \
      PB ieee/std_logic_1164 1381692176 PB ieee/std_logic_arith 1381692177 \
      PB ieee/STD_LOGIC_UNSIGNED 1381692179
AR work/FPGA/Behavioral 1490628433 \
      FL C:/work/USB_FPGA/VHDL/USB_FPGA/FPGA/FPGA.vhd EN work/FPGA 1490628432
