V3 4
FL C:/work/USB_FPGA/VHDL/USB_FPGA/translate/CPLD.vhd 2018/05/08.13:55:28 P.20131013
EN work/CPLD 1525809449 FL C:/work/USB_FPGA/VHDL/USB_FPGA/translate/CPLD.vhd \
      PB ieee/std_logic_1164 1381692176 PB ieee/std_logic_arith 1381692177 \
      PB ieee/STD_LOGIC_UNSIGNED 1381692179 LB UNISIM PH unisim/VCOMPONENTS 1381692182
AR work/CPLD/Behavioral 1525809450 \
      FL C:/work/USB_FPGA/VHDL/USB_FPGA/translate/CPLD.vhd EN work/CPLD 1525809449
