V3 4
FL C:/work/USB_FPGA/VHDL/USB_FPGA/test_cpld_II/CPLD.vhd 2018/05/07.18:18:22 P.20131013
EN work/CPLD 1525739449 FL C:/work/USB_FPGA/VHDL/USB_FPGA/test_cpld_II/CPLD.vhd \
      PB ieee/std_logic_1164 1381692176 PB ieee/std_logic_arith 1381692177 \
      PB ieee/STD_LOGIC_UNSIGNED 1381692179 LB UNISIM PH unisim/VCOMPONENTS 1381692182
AR work/CPLD/Behavioral 1525739450 \
      FL C:/work/USB_FPGA/VHDL/USB_FPGA/test_cpld_II/CPLD.vhd EN work/CPLD 1525739449
