V3 4
FL "C:/Documents and Settings/FPGA/FPGA.vhd" 2009/08/25.14:08:14 L.33
EN work/FPGA 1253638282 FL "C:/Documents and Settings/FPGA/FPGA.vhd" \
      PB ieee/std_logic_1164 1236108447 PB ieee/std_logic_arith 1236108448 \
      PB ieee/STD_LOGIC_UNSIGNED 1236108449
AR work/FPGA/Behavioral 1253638283 \
      FL "C:/Documents and Settings/FPGA/FPGA.vhd" EN work/FPGA 1253638282
FL FPGA.vhd 2009/07/17.10:45:12 L.33
