V3 77
FL C:/work/USB_FPGA/PicoBlaze/PicoBlazeCPLD/picoblaze/vhdl/stack_ram.vhd 2014/07/22.17:29:32 I.31
EN work/stack_ram 1406144839 \
      FL C:/work/USB_FPGA/PicoBlaze/PicoBlazeCPLD/picoblaze/vhdl/stack_ram.vhd \
      PB ieee/std_logic_1164 1147274808 PB ieee/std_logic_arith 1147274810 \
      PB ieee/STD_LOGIC_UNSIGNED 1147274814
AR work/stack_ram/low_level_definition 1406144840 \
      FL C:/work/USB_FPGA/PicoBlaze/PicoBlazeCPLD/picoblaze/vhdl/stack_ram.vhd \
      EN work/stack_ram 1406144839 CP ram_x1s
EN work/ram_x1s 1406144841 \
      FL C:/work/USB_FPGA/PicoBlaze/PicoBlazeCPLD/picoblaze/vhdl/stack_ram.vhd \
      PB ieee/std_logic_1164 1147274808 PB ieee/std_logic_arith 1147274810 \
      PB ieee/STD_LOGIC_UNSIGNED 1147274814
AR work/ram_x1s/Behavioral 1406144842 \
      FL C:/work/USB_FPGA/PicoBlaze/PicoBlazeCPLD/picoblaze/vhdl/stack_ram.vhd \
      EN work/ram_x1s 1406144841
FL C:/work/USB_FPGA/PicoBlaze/PicoBlazeCPLD/picoblaze/vhdl/picoblaze.vhd 2014/07/22.17:29:32 I.31
EN work/picoblaze 1406144849 \
      FL C:/work/USB_FPGA/PicoBlaze/PicoBlazeCPLD/picoblaze/vhdl/picoblaze.vhd \
      PB ieee/std_logic_1164 1147274808 PB ieee/std_logic_arith 1147274810 \
      PB ieee/STD_LOGIC_UNSIGNED 1147274814
AR work/picoblaze/Behavioral 1406144850 \
      FL C:/work/USB_FPGA/PicoBlaze/PicoBlazeCPLD/picoblaze/vhdl/picoblaze.vhd \
      EN work/picoblaze 1406144849 CP IO_strobe_logic CP arithmetic_process \
      CP shift_rotate   CP logical_bus_processing CP T_state_and_Reset \
      CP register_and_flag_enable CP carry_flag_logic CP zero_flag_logic \
      CP program_counter CP register_bank CP stack_ram      CP stack_counter \
      CP interrupt_capture CP interrupt_logic
FL C:/work/USB_FPGA/PicoBlaze/PicoBlazeCPLD/picoblaze/vhdl/carry_flag_logic.vhd 2014/07/22.17:29:32 I.31
EN work/carry_flag_logic 1406144829 \
      FL C:/work/USB_FPGA/PicoBlaze/PicoBlazeCPLD/picoblaze/vhdl/carry_flag_logic.vhd \
      PB ieee/std_logic_1164 1147274808 PB ieee/std_logic_arith 1147274810 \
      PB ieee/STD_LOGIC_UNSIGNED 1147274814
AR work/carry_flag_logic/low_level_definition 1406144830 \
      FL C:/work/USB_FPGA/PicoBlaze/PicoBlazeCPLD/picoblaze/vhdl/carry_flag_logic.vhd \
      EN work/carry_flag_logic 1406144829
FL C:/work/USB_FPGA/PicoBlaze/PicoBlazeCPLD/picoblaze/vhdl/interrupt_capture.vhd 2014/07/22.17:29:32 I.31
EN work/interrupt_capture 1406144845 \
      FL C:/work/USB_FPGA/PicoBlaze/PicoBlazeCPLD/picoblaze/vhdl/interrupt_capture.vhd \
      PB ieee/std_logic_1164 1147274808 PB ieee/std_logic_arith 1147274810 \
      PB ieee/STD_LOGIC_UNSIGNED 1147274814
AR work/interrupt_capture/low_level_definition 1406144846 \
      FL C:/work/USB_FPGA/PicoBlaze/PicoBlazeCPLD/picoblaze/vhdl/interrupt_capture.vhd \
      EN work/interrupt_capture 1406144845
FL C:/work/USB_FPGA/PicoBlaze/PicoBlazeCPLD/picoblaze/vhdl/register_bank.vhd 2014/07/22.17:29:32 I.31
EN work/register_bank 1406144835 \
      FL C:/work/USB_FPGA/PicoBlaze/PicoBlazeCPLD/picoblaze/vhdl/register_bank.vhd \
      PB ieee/std_logic_1164 1147274808 PB ieee/std_logic_arith 1147274810 \
      PB ieee/STD_LOGIC_UNSIGNED 1147274814
AR work/register_bank/Behavioral 1406144836 \
      FL C:/work/USB_FPGA/PicoBlaze/PicoBlazeCPLD/picoblaze/vhdl/register_bank.vhd \
      EN work/register_bank 1406144835 CP ram_Nx1
EN work/ram_Nx1 1406144837 \
      FL C:/work/USB_FPGA/PicoBlaze/PicoBlazeCPLD/picoblaze/vhdl/register_bank.vhd \
      PB ieee/std_logic_1164 1147274808 PB ieee/std_logic_arith 1147274810 \
      PB ieee/STD_LOGIC_UNSIGNED 1147274814
AR work/ram_Nx1/Behavioral 1406144838 \
      FL C:/work/USB_FPGA/PicoBlaze/PicoBlazeCPLD/picoblaze/vhdl/register_bank.vhd \
      EN work/ram_Nx1 1406144837
FL C:/work/USB_FPGA/PicoBlaze/PicoBlazeCPLD/picoblaze/vhdl/IO_strobe_logic.vhd 2014/07/22.17:29:32 I.31
EN work/IO_strobe_logic 1406144815 \
      FL C:/work/USB_FPGA/PicoBlaze/PicoBlazeCPLD/picoblaze/vhdl/IO_strobe_logic.vhd \
      PB ieee/std_logic_1164 1147274808 PB ieee/std_logic_arith 1147274810 \
      PB ieee/STD_LOGIC_UNSIGNED 1147274814 LB unisim PH unisim/VCOMPONENTS 1147852889
AR work/IO_strobe_logic/low_level_definition 1406144816 \
      FL C:/work/USB_FPGA/PicoBlaze/PicoBlazeCPLD/picoblaze/vhdl/IO_strobe_logic.vhd \
      EN work/IO_strobe_logic 1406144815
FL C:/work/USB_FPGA/PicoBlaze/PicoBlazeCPLD/picoblaze/vhdl/register_and_flag_enable.vhd 2014/07/22.17:29:32 I.31
EN work/register_and_flag_enable 1406144827 \
      FL C:/work/USB_FPGA/PicoBlaze/PicoBlazeCPLD/picoblaze/vhdl/register_and_flag_enable.vhd \
      PB ieee/std_logic_1164 1147274808 PB ieee/std_logic_arith 1147274810 \
      PB ieee/STD_LOGIC_UNSIGNED 1147274814
AR work/register_and_flag_enable/low_level_definition 1406144828 \
      FL C:/work/USB_FPGA/PicoBlaze/PicoBlazeCPLD/picoblaze/vhdl/register_and_flag_enable.vhd \
      EN work/register_and_flag_enable 1406144827
FL C:/work/USB_FPGA/PicoBlaze/PicoBlazeCPLD/picoblaze/vhdl/interrupt_logic.vhd 2014/07/22.17:29:32 I.31
EN work/interrupt_logic 1406144847 \
      FL C:/work/USB_FPGA/PicoBlaze/PicoBlazeCPLD/picoblaze/vhdl/interrupt_logic.vhd \
      PB ieee/std_logic_1164 1147274808 PB ieee/std_logic_arith 1147274810 \
      PB ieee/STD_LOGIC_UNSIGNED 1147274814
AR work/interrupt_logic/low_level_definition 1406144848 \
      FL C:/work/USB_FPGA/PicoBlaze/PicoBlazeCPLD/picoblaze/vhdl/interrupt_logic.vhd \
      EN work/interrupt_logic 1406144847
FL C:/work/USB_FPGA/PicoBlaze/PicoBlazeCPLD/picoblaze/vhdl/arithmatic.vhd 2014/07/22.17:29:32 I.31
EN work/arithmetic_process 1406144817 \
      FL C:/work/USB_FPGA/PicoBlaze/PicoBlazeCPLD/picoblaze/vhdl/arithmatic.vhd \
      PB ieee/std_logic_1164 1147274808 PB ieee/std_logic_arith 1147274810 \
      PB ieee/STD_LOGIC_UNSIGNED 1147274814
AR work/arithmetic_process/low_level_definition 1406144818 \
      FL C:/work/USB_FPGA/PicoBlaze/PicoBlazeCPLD/picoblaze/vhdl/arithmatic.vhd \
      EN work/arithmetic_process 1406144817 CP addsub8
EN work/addsub8 1406144819 \
      FL C:/work/USB_FPGA/PicoBlaze/PicoBlazeCPLD/picoblaze/vhdl/arithmatic.vhd \
      PB ieee/std_logic_1164 1147274808 PB ieee/std_logic_arith 1147274810 \
      PB ieee/STD_LOGIC_UNSIGNED 1147274814
AR work/addsub8/low_level_definition 1406144820 \
      FL C:/work/USB_FPGA/PicoBlaze/PicoBlazeCPLD/picoblaze/vhdl/arithmatic.vhd \
      EN work/addsub8 1406144819
FL C:/work/USB_FPGA/PicoBlaze/PicoBlazeCPLD/picoblaze/vhdl/zero_flag_logic.vhd 2014/07/22.17:29:32 I.31
EN work/zero_flag_logic 1406144831 \
      FL C:/work/USB_FPGA/PicoBlaze/PicoBlazeCPLD/picoblaze/vhdl/zero_flag_logic.vhd \
      PB ieee/std_logic_1164 1147274808 PB ieee/std_logic_arith 1147274810 \
      PB ieee/STD_LOGIC_UNSIGNED 1147274814
AR work/zero_flag_logic/low_level_definition 1406144832 \
      FL C:/work/USB_FPGA/PicoBlaze/PicoBlazeCPLD/picoblaze/vhdl/zero_flag_logic.vhd \
      EN work/zero_flag_logic 1406144831
FL C:/work/USB_FPGA/PicoBlaze/PicoBlazeCPLD/picoblaze/vhdl/T_state_and_Reset.vhd 2014/07/22.17:29:32 I.31
EN work/T_state_and_Reset 1406144825 \
      FL C:/work/USB_FPGA/PicoBlaze/PicoBlazeCPLD/picoblaze/vhdl/T_state_and_Reset.vhd \
      PB ieee/std_logic_1164 1147274808 PB ieee/std_logic_arith 1147274810 \
      PB ieee/STD_LOGIC_UNSIGNED 1147274814
AR work/T_state_and_Reset/low_level_definition 1406144826 \
      FL C:/work/USB_FPGA/PicoBlaze/PicoBlazeCPLD/picoblaze/vhdl/T_state_and_Reset.vhd \
      EN work/T_state_and_Reset 1406144825
FL C:/work/USB_FPGA/PicoBlaze/PicoBlazeCPLD/picoblaze/c/demo_test.vhd 2014/07/22.17:29:32 I.31
EN work/demo_test 1406144851 \
      FL C:/work/USB_FPGA/PicoBlaze/PicoBlazeCPLD/picoblaze/c/demo_test.vhd \
      PB ieee/std_logic_1164 1147274808 PB ieee/STD_LOGIC_UNSIGNED 1147274814
AR work/demo_test/v1 1406144852 \
      FL C:/work/USB_FPGA/PicoBlaze/PicoBlazeCPLD/picoblaze/c/demo_test.vhd \
      EN work/demo_test 1406144851
FL C:/work/USB_FPGA/PicoBlaze/PicoBlazeCPLD/picoblaze/demo_test/demo.vhd 2014/07/23.13:44:33 I.31
EN work/demo 1406144853 \
      FL C:/work/USB_FPGA/PicoBlaze/PicoBlazeCPLD/picoblaze/demo_test/demo.vhd \
      PB ieee/std_logic_1164 1147274808 PB ieee/std_logic_arith 1147274810 \
      PB ieee/STD_LOGIC_UNSIGNED 1147274814
AR work/demo/Behavioral 1406144854 \
      FL C:/work/USB_FPGA/PicoBlaze/PicoBlazeCPLD/picoblaze/demo_test/demo.vhd \
      EN work/demo 1406144853 CP picoblaze CP demo_test
FL C:/work/USB_FPGA/PicoBlaze/PicoBlazeCPLD/picoblaze/vhdl/logical_bus_processing.vhd 2014/07/22.17:29:32 I.31
EN work/logical_bus_processing 1406144823 \
      FL C:/work/USB_FPGA/PicoBlaze/PicoBlazeCPLD/picoblaze/vhdl/logical_bus_processing.vhd \
      PB ieee/std_logic_1164 1147274808 PB ieee/std_logic_arith 1147274810 \
      PB ieee/STD_LOGIC_UNSIGNED 1147274814
AR work/logical_bus_processing/low_level_definition 1406144824 \
      FL C:/work/USB_FPGA/PicoBlaze/PicoBlazeCPLD/picoblaze/vhdl/logical_bus_processing.vhd \
      EN work/logical_bus_processing 1406144823
FL C:/work/USB_FPGA/PicoBlaze/PicoBlazeCPLD/picoblaze/vhdl/program_counter.vhd 2014/07/22.17:29:32 I.31
EN work/program_counter 1406144833 \
      FL C:/work/USB_FPGA/PicoBlaze/PicoBlazeCPLD/picoblaze/vhdl/program_counter.vhd \
      PB ieee/std_logic_1164 1147274808 PB ieee/std_logic_arith 1147274810 \
      PB ieee/STD_LOGIC_UNSIGNED 1147274814
AR work/program_counter/low_level_definition 1406144834 \
      FL C:/work/USB_FPGA/PicoBlaze/PicoBlazeCPLD/picoblaze/vhdl/program_counter.vhd \
      EN work/program_counter 1406144833
FL C:/work/USB_FPGA/PicoBlaze/PicoBlazeCPLD/picoblaze/vhdl/stack_counter.vhd 2014/07/22.17:29:32 I.31
EN work/stack_counter 1406144843 \
      FL C:/work/USB_FPGA/PicoBlaze/PicoBlazeCPLD/picoblaze/vhdl/stack_counter.vhd \
      PB ieee/std_logic_1164 1147274808 PB ieee/std_logic_arith 1147274810 \
      PB ieee/STD_LOGIC_UNSIGNED 1147274814
AR work/stack_counter/low_level_definition 1406144844 \
      FL C:/work/USB_FPGA/PicoBlaze/PicoBlazeCPLD/picoblaze/vhdl/stack_counter.vhd \
      EN work/stack_counter 1406144843
FL C:/work/USB_FPGA/PicoBlaze/PicoBlazeCPLD/picoblaze/vhdl/shift_rotate.vhd 2014/07/22.17:29:32 I.31
EN work/shift_rotate 1406144821 \
      FL C:/work/USB_FPGA/PicoBlaze/PicoBlazeCPLD/picoblaze/vhdl/shift_rotate.vhd \
      PB ieee/std_logic_1164 1147274808 PB ieee/std_logic_arith 1147274810 \
      PB ieee/STD_LOGIC_UNSIGNED 1147274814
AR work/shift_rotate/low_level_definition 1406144822 \
      FL C:/work/USB_FPGA/PicoBlaze/PicoBlazeCPLD/picoblaze/vhdl/shift_rotate.vhd \
      EN work/shift_rotate 1406144821
